Каннибал 1 пообедал, осталось кусков: 1.
Каннибал 2 пообедал, осталось кусков: 0.
Повар приготовил еще 2 кусков.
Каннибал 3 пообедал, осталось кусков: 1.
Каннибал 4 пообедал, осталось кусков: 0.
Повар приготовил еще 2 кусков.
Каннибал 5 пообедал, осталось кусков: 1.
