Каннибал 1 пообедал, осталось кусков: 2.
Каннибал 2 пообедал, осталось кусков: 1.
Каннибал 3 пообедал, осталось кусков: 0.
Повар приготовил еще 3 кусков.
Каннибал 4 пообедал, осталось кусков: 2.
Каннибал 5 пообедал, осталось кусков: 1.
Каннибал 6 пообедал, осталось кусков: 0.
Повар приготовил еще 3 кусков.
Каннибал 7 пообедал, осталось кусков: 2.
Каннибал 8 пообедал, осталось кусков: 1.
Каннибал 9 пообедал, осталось кусков: 0.
Повар приготовил еще 3 кусков.
Каннибал 10 пообедал, осталось кусков: 2.
